[farinha.store/index.html]
[farinha.store/favicon.ico]
[farinha.store/assets/bootstrap/css/bootstrap.css]
[farinha.store/assets/css/default.css]
[farinha.store/assets/css/header.css]
[farinha.store/assets/css/footer.css]
[backblue.gif]
[fade.gif]
[index.html]
[farinha.store/assets/css/home.css]
[farinha.store/login.html]
[farinha.store/assets/img/gtav2.png]
[farinha.store/assets/img/gtav.png]
[farinha.store/assessments.html]
[farinha.store/assets/bootstrap/js/bootstrap.js]
[farinha.store/assets/js/imports/jquery-3.5.1.min.js]
[farinha.store/index.html]
[farinha.store/assets/bootstrap/css/bootstrap.css]
[farinha.store/assets/css/default.css]
[farinha.store/assets/css/header.css]
[farinha.store/assets/css/footer.css]
[farinha.store/assets/js/imports/aos.min.js]
[farinha.store/assets/img/bg.png]
[farinha.store/assets/css/home.css]
[farinha.store/assets/css/login.css]
[farinha.store/forgot-password.html]
[farinha.store/login.html]
[farinha.store/register.html]
[farinha.store/assets/js/imports/vue.js]
[farinha.store/assessments.html]
[farinha.store/assets/css/assessments.css]
[farinha.store/assets/img/bg2.png]
[farinha.store/assets/css/login.css]
[farinha.store/forgot-password.html]
[farinha.store/register.html]
[farinha.store/assets/css/assessments.css]
